time="2026-01-22T03:52:42-05:00" level=debug msg="OpenShift Installer 6f7887a33b29d5982105bf82243ceaebb401ccbd-dirty"
time="2026-01-22T03:52:42-05:00" level=debug msg="Built from commit 6f7887a33b29d5982105bf82243ceaebb401ccbd"
time="2026-01-22T03:52:42-05:00" level=debug msg="Fetching Kubeconfig Admin Client..."
time="2026-01-22T03:52:42-05:00" level=debug msg="Loading Kubeconfig Admin Client..."
time="2026-01-22T03:52:42-05:00" level=debug msg="  Loading Certificate (admin-kubeconfig-client)..."
time="2026-01-22T03:52:42-05:00" level=debug msg="    Loading Certificate (admin-kubeconfig-signer)..."
time="2026-01-22T03:52:42-05:00" level=debug msg="  Loading Certificate (kube-apiserver-complete-server-ca-bundle)..."
time="2026-01-22T03:52:42-05:00" level=debug msg="    Loading Certificate (kube-apiserver-localhost-ca-bundle)..."
time="2026-01-22T03:52:42-05:00" level=debug msg="      Loading Certificate (kube-apiserver-localhost-signer)..."
time="2026-01-22T03:52:42-05:00" level=debug msg="    Loading Certificate (kube-apiserver-service-network-ca-bundle)..."
time="2026-01-22T03:52:42-05:00" level=debug msg="      Loading Certificate (kube-apiserver-service-network-signer)..."
time="2026-01-22T03:52:42-05:00" level=debug msg="    Loading Certificate (kube-apiserver-lb-ca-bundle)..."
time="2026-01-22T03:52:42-05:00" level=debug msg="      Loading Certificate (kube-apiserver-lb-signer)..."
time="2026-01-22T03:52:42-05:00" level=debug msg="  Loading Install Config..."
time="2026-01-22T03:52:42-05:00" level=debug msg="    Loading SSH Key..."
time="2026-01-22T03:52:42-05:00" level=debug msg="    Loading Base Domain..."
time="2026-01-22T03:52:42-05:00" level=debug msg="      Loading Platform..."
time="2026-01-22T03:52:42-05:00" level=debug msg="    Loading Cluster Name..."
time="2026-01-22T03:52:42-05:00" level=debug msg="      Loading Base Domain..."
time="2026-01-22T03:52:42-05:00" level=debug msg="      Loading Platform..."
time="2026-01-22T03:52:42-05:00" level=debug msg="    Loading Pull Secret..."
time="2026-01-22T03:52:42-05:00" level=debug msg="    Loading Platform..."
time="2026-01-22T03:52:42-05:00" level=debug msg="  Fetching Certificate (admin-kubeconfig-client)..."
time="2026-01-22T03:52:42-05:00" level=debug msg="    Fetching Certificate (admin-kubeconfig-signer)..."
time="2026-01-22T03:52:42-05:00" level=debug msg="    Generating Certificate (admin-kubeconfig-signer)..."
time="2026-01-22T03:52:42-05:00" level=debug msg="  Generating Certificate (admin-kubeconfig-client)..."
time="2026-01-22T03:52:42-05:00" level=debug msg="  Fetching Certificate (kube-apiserver-complete-server-ca-bundle)..."
time="2026-01-22T03:52:42-05:00" level=debug msg="    Fetching Certificate (kube-apiserver-localhost-ca-bundle)..."
time="2026-01-22T03:52:42-05:00" level=debug msg="      Fetching Certificate (kube-apiserver-localhost-signer)..."
time="2026-01-22T03:52:42-05:00" level=debug msg="      Generating Certificate (kube-apiserver-localhost-signer)..."
time="2026-01-22T03:52:43-05:00" level=debug msg="    Generating Certificate (kube-apiserver-localhost-ca-bundle)..."
time="2026-01-22T03:52:43-05:00" level=debug msg="    Fetching Certificate (kube-apiserver-service-network-ca-bundle)..."
time="2026-01-22T03:52:43-05:00" level=debug msg="      Fetching Certificate (kube-apiserver-service-network-signer)..."
time="2026-01-22T03:52:43-05:00" level=debug msg="      Generating Certificate (kube-apiserver-service-network-signer)..."
time="2026-01-22T03:52:43-05:00" level=debug msg="    Generating Certificate (kube-apiserver-service-network-ca-bundle)..."
time="2026-01-22T03:52:43-05:00" level=debug msg="    Fetching Certificate (kube-apiserver-lb-ca-bundle)..."
time="2026-01-22T03:52:43-05:00" level=debug msg="      Fetching Certificate (kube-apiserver-lb-signer)..."
time="2026-01-22T03:52:43-05:00" level=debug msg="      Generating Certificate (kube-apiserver-lb-signer)..."
time="2026-01-22T03:52:43-05:00" level=debug msg="    Generating Certificate (kube-apiserver-lb-ca-bundle)..."
time="2026-01-22T03:52:43-05:00" level=debug msg="  Generating Certificate (kube-apiserver-complete-server-ca-bundle)..."
time="2026-01-22T03:52:43-05:00" level=debug msg="  Fetching Install Config..."
time="2026-01-22T03:52:43-05:00" level=debug msg="    Fetching SSH Key..."
time="2026-01-22T03:52:43-05:00" level=debug msg="    Generating SSH Key..."
time="2026-01-22T03:52:53-05:00" level=debug msg="    Fetching Base Domain..."
time="2026-01-22T03:52:53-05:00" level=debug msg="      Fetching Platform..."
time="2026-01-22T03:52:53-05:00" level=debug msg="      Generating Platform..."
time="2026-01-22T03:56:22-05:00" level=debug msg="    Generating Base Domain..."
time="2026-01-22T03:56:33-05:00" level=debug msg="    Fetching Cluster Name..."
time="2026-01-22T03:56:33-05:00" level=debug msg="      Fetching Base Domain..."
time="2026-01-22T03:56:33-05:00" level=debug msg="      Reusing previously-fetched Base Domain"
time="2026-01-22T03:56:33-05:00" level=debug msg="      Fetching Platform..."
time="2026-01-22T03:56:33-05:00" level=debug msg="      Reusing previously-fetched Platform"
time="2026-01-22T03:56:33-05:00" level=debug msg="    Generating Cluster Name..."
time="2026-01-22T03:59:36-05:00" level=debug msg="    Fetching Pull Secret..."
time="2026-01-22T03:59:36-05:00" level=debug msg="    Generating Pull Secret..."
time="2026-01-22T03:59:58-05:00" level=fatal msg="failed to fetch Kubeconfig Admin Client: failed to fetch dependency of \"Kubeconfig Admin Client\": failed to fetch dependency of \"Install Config\": failed to generate asset \"Pull Secret\": failed UserInput: interrupt"
